// Jest Snapshot v1, https://goo.gl/fbAQLP

exports[`AllMovies Component should render AllMovies Component correctly 1`] = `
Array [
  <View
    style={
      Array [
        Object {
          "alignItems": "center",
          "flexDirection": "row",
          "height": "auto",
        },
        Object {
          "marginTop": 50,
        },
      ]
    }
  >
    <View
      style={
        Object {
          "backgroundColor": "#991F25",
          "height": 15,
          "width": 5,
        }
      }
    />
    <Text
      style={
        Object {
          "color": "rgb(255, 255, 255)",
          "fontSize": 18,
          "marginLeft": 8,
        }
      }
    >
      All Movies
    </Text>
  </View>,
  <RCTScrollView
    ListFooterComponent={null}
    data={
      Array [
        Object {
          "name": "Batman",
        },
      ]
    }
    disableVirtualization={false}
    getItem={[Function]}
    getItemCount={[Function]}
    horizontal={false}
    initialNumToRender={10}
    keyExtractor={[Function]}
    maxToRenderPerBatch={10}
    onContentSizeChange={[Function]}
    onEndReached={[Function]}
    onEndReachedThreshold={0}
    onLayout={[Function]}
    onMomentumScrollEnd={[Function]}
    onScroll={[Function]}
    onScrollBeginDrag={[Function]}
    onScrollEndDrag={[Function]}
    removeClippedSubviews={false}
    renderItem={[Function]}
    scrollEventThrottle={50}
    stickyHeaderIndices={Array []}
    updateCellsBatchingPeriod={50}
    viewabilityConfigCallbackPairs={Array []}
    windowSize={21}
  >
    <View>
      <View
        onLayout={[Function]}
        style={null}
      >
        <View
          style={
            Array [
              Object {
                "height": 200,
                "marginRight": 20,
                "width": 200,
              },
              Object {
                "alignSelf": "center",
                "height": 400,
                "marginVertical": 20,
                "width": "90%",
              },
            ]
          }
        >
          <Image
            source={
              Object {
                "uri": "http://image.tmdb.org/t/p/w500undefined",
              }
            }
            style={
              Object {
                "flex": 2,
                "height": null,
                "width": null,
              }
            }
          />
          <View
            style={
              Object {
                "flex": 1,
                "marginTop": 12,
              }
            }
          >
            <View
              style={
                Object {
                  "borderColor": "white",
                  "flexDirection": "row",
                  "justifyContent": "space-between",
                }
              }
            >
              <Text
                numberOfLines={1}
                style={
                  Object {
                    "color": "rgb(255, 255, 255)",
                    "flex": 1,
                  }
                }
              />
              <Text
                numberOfLines={1}
                style={
                  Object {
                    "color": "#991F25",
                    "flex": 1,
                    "fontWeight": "bold",
                    "marginLeft": 10,
                    "textAlign": "right",
                  }
                }
              />
            </View>
            <Text
              numberOfLines={3}
              style={
                Object {
                  "color": "gray",
                  "marginTop": 12,
                }
              }
            />
          </View>
        </View>
      </View>
    </View>
  </RCTScrollView>,
]
`;

exports[`rendering movie should render movie card correctly 1`] = `ShallowWrapper {}`;
