// Jest Snapshot v1, https://goo.gl/fbAQLP

exports[`MyMovies Componennt should render correctly 1`] = `
<View>
  <View
    style={
      Object {
        "alignItems": "center",
        "flexDirection": "row",
        "justifyContent": "space-between",
      }
    }
  >
    <View
      style={
        Array [
          Object {
            "alignItems": "center",
            "flexDirection": "row",
            "height": "auto",
          },
          undefined,
        ]
      }
    >
      <View
        style={
          Object {
            "backgroundColor": "#991F25",
            "height": 15,
            "width": 5,
          }
        }
      />
      <Text
        style={
          Object {
            "color": "rgb(255, 255, 255)",
            "fontSize": 18,
            "marginLeft": 8,
          }
        }
      >
        My Movies
      </Text>
    </View>
  </View>
  <View
    style={
      Object {
        "alignItems": "center",
        "justifyContent": "center",
        "padding": 18,
      }
    }
  >
    <Text
      style={
        Object {
          "color": "gray",
        }
      }
      testID="noMoviesAdded"
    >
      No Movies Added
    </Text>
  </View>
</View>
`;
